// Jest Snapshot v1, https://goo.gl/fbAQLP

exports[`AppComponent should render page 1`] = `
<div
  id="root1"
  ng-version="6.0.4"
>
  <bbv-toolbar />
  <div
    class="content"
  >
    <router-outlet />
  </div>
</div>
`;
